[INFO] Scanning for projects...
[INFO] 
[INFO] ---------------------< com.bililens:analytics-api >---------------------
[INFO] Building analytics-api 0.1.0
[INFO]   from pom.xml
[INFO] --------------------------------[ jar ]---------------------------------
[INFO] 
[INFO] >>> spring-boot:4.0.5:run (default-cli) > test-compile @ analytics-api >>>
[INFO] 
[INFO] --- resources:3.3.1:resources (default-resources) @ analytics-api ---
[INFO] Copying 1 resource from src\main\resources to target\classes
[INFO] Copying 0 resource from src\main\resources to target\classes
[INFO] 
[INFO] --- compiler:3.14.1:compile (default-compile) @ analytics-api ---
[INFO] Nothing to compile - all classes are up to date.
[INFO] 
[INFO] --- resources:3.3.1:testResources (default-testResources) @ analytics-api ---
[INFO] Copying 3 resources from src\test\resources to target\test-classes
[INFO] 
[INFO] --- compiler:3.14.1:testCompile (default-testCompile) @ analytics-api ---
[INFO] Nothing to compile - all classes are up to date.
[INFO] 
[INFO] <<< spring-boot:4.0.5:run (default-cli) < test-compile @ analytics-api <<<
[INFO] 
[INFO] 
[INFO] --- spring-boot:4.0.5:run (default-cli) @ analytics-api ---
[INFO] Attaching agents: []

  .   ____          _            __ _ _
 /\\ / ___'_ __ _ _(_)_ __  __ _ \ \ \ \
( ( )\___ | '_ | '_| | '_ \/ _` | \ \ \ \
 \\/  ___)| |_)| | | | | || (_| |  ) ) ) )
  '  |____| .__|_| |_|_| |_\__, | / / / /
 =========|_|==============|___/=/_/_/_/

 :: Spring Boot ::                (v4.0.5)

2026-06-07T21:10:18.469+08:00  INFO 9424 --- [analytics-api] [           main] c.b.analytics.AnalyticsApiApplication    : Starting AnalyticsApiApplication using Java 21.0.8 with PID 9424 (D:\visualization_platform\backend\target\classes started by 22768 in D:\visualization_platform\backend)
2026-06-07T21:10:18.472+08:00 DEBUG 9424 --- [analytics-api] [           main] c.b.analytics.AnalyticsApiApplication    : Running with Spring Boot v4.0.5, Spring v7.0.6
2026-06-07T21:10:18.473+08:00  INFO 9424 --- [analytics-api] [           main] c.b.analytics.AnalyticsApiApplication    : No active profile set, falling back to 1 default profile: "default"
2026-06-07T21:10:19.493+08:00  INFO 9424 --- [analytics-api] [           main] o.s.boot.tomcat.TomcatWebServer          : Tomcat initialized with port 8080 (http)
2026-06-07T21:10:19.506+08:00  INFO 9424 --- [analytics-api] [           main] o.apache.catalina.core.StandardService   : Starting service [Tomcat]
2026-06-07T21:10:19.506+08:00  INFO 9424 --- [analytics-api] [           main] o.apache.catalina.core.StandardEngine    : Starting Servlet engine: [Apache Tomcat/11.0.20]
2026-06-07T21:10:19.560+08:00  INFO 9424 --- [analytics-api] [           main] b.w.c.s.WebApplicationContextInitializer : Root WebApplicationContext: initialization completed in 1035 ms
2026-06-07T21:10:20.127+08:00  INFO 9424 --- [analytics-api] [           main] o.s.b.a.e.web.EndpointLinksResolver      : Exposing 2 endpoints beneath base path '/actuator'
2026-06-07T21:10:20.188+08:00  INFO 9424 --- [analytics-api] [           main] o.s.boot.tomcat.TomcatWebServer          : Tomcat started on port 8080 (http) with context path '/'
2026-06-07T21:10:20.261+08:00  INFO 9424 --- [analytics-api] [           main] c.b.analytics.AnalyticsApiApplication    : Started AnalyticsApiApplication in 2.193 seconds (process running for 2.666)
2026-06-07T21:10:49.025+08:00  INFO 9424 --- [analytics-api] [nio-8080-exec-1] o.a.c.c.C.[Tomcat].[localhost].[/]       : Initializing Spring DispatcherServlet 'dispatcherServlet'
2026-06-07T21:10:49.025+08:00  INFO 9424 --- [analytics-api] [nio-8080-exec-1] o.s.web.servlet.DispatcherServlet        : Initializing Servlet 'dispatcherServlet'
2026-06-07T21:10:49.026+08:00  INFO 9424 --- [analytics-api] [nio-8080-exec-1] o.s.web.servlet.DispatcherServlet        : Completed initialization in 0 ms
2026-06-07T21:10:49.128+08:00  INFO 9424 --- [analytics-api] [nio-8080-exec-1] com.zaxxer.hikari.HikariDataSource       : HikariPool-1 - Starting...
2026-06-07T21:10:49.274+08:00  INFO 9424 --- [analytics-api] [nio-8080-exec-1] com.zaxxer.hikari.pool.HikariPool        : HikariPool-1 - Added connection com.mysql.cj.jdbc.ConnectionImpl@51a6cfdf
2026-06-07T21:10:49.278+08:00  INFO 9424 --- [analytics-api] [nio-8080-exec-1] com.zaxxer.hikari.HikariDataSource       : HikariPool-1 - Start completed.
2026-06-07T21:11:14.362+08:00  WARN 9424 --- [analytics-api] [io-8080-exec-10] c.b.a.common.GlobalExceptionHandler      : 参数校验失败: getVideoSentimentsByBvids.bvids: 个数必须在1和100之间
2026-06-07T21:11:17.167+08:00  WARN 9424 --- [analytics-api] [nio-8080-exec-8] c.b.a.common.GlobalExceptionHandler      : 参数校验失败: getVideoSentimentsByBvids.bvids: 个数必须在1和100之间
2026-06-07T21:11:20.996+08:00  WARN 9424 --- [analytics-api] [nio-8080-exec-1] c.b.a.common.GlobalExceptionHandler      : 参数校验失败: getVideoSentimentsByBvids.bvids: 个数必须在1和100之间
2026-06-07T21:11:22.197+08:00  WARN 9424 --- [analytics-api] [nio-8080-exec-2] c.b.a.common.GlobalExceptionHandler      : 参数校验失败: getVideoSentimentsByBvids.bvids: 个数必须在1和100之间
2026-06-07T21:11:23.310+08:00  WARN 9424 --- [analytics-api] [nio-8080-exec-9] c.b.a.common.GlobalExceptionHandler      : 参数校验失败: getVideoSentimentsByBvids.bvids: 个数必须在1和100之间
2026-06-07T21:11:33.825+08:00  WARN 9424 --- [analytics-api] [nio-8080-exec-5] c.b.a.common.GlobalExceptionHandler      : 参数校验失败: getVideoSentimentsByBvids.bvids: 个数必须在1和100之间
